[localhost/images/favicon/apple-touch-icon.png]
[localhost/images/favicon/favicon-32x32.png]
[localhost/images/favicon/favicon-16x16.png]
[localhost/images/favicon/site.webmanifest]
[code.jquery.com/jquery-3.6.4.min.js]
[www.google.com/recaptcha/api.js]
[backblue.gif]
[fade.gif]
[index.html]
[localhost/images/index/webp/skyset-still.webp]
[localhost/images/index/skyset-animated.webm]
[localhost/images/index/skyset-animated.mp4]
[localhost/images/index/webp/skyset-logotype.webp]
[localhost/images/socials/webp/dribbble.webp]
[localhost/images/socials/webp/behance.webp]
[localhost/images/socials/webp/linkedin.webp]
[localhost/images/socials/webp/twitter.webp]
[localhost/images/socials/webp/github.webp]
[localhost/index.html]
[localhost/css/material-icons/iconfont/material-icons.woff2]
[localhost/css/material-icons/iconfont/material-icons.woff]
[localhost/css/material-icons/iconfont/material-icons-outlined.woff2]
[localhost/css/material-icons/iconfont/material-icons-outlined.woff]
[localhost/css/material-icons/iconfont/material-icons-round.woff2]
[localhost/css/material-icons/iconfont/material-icons-round.woff]
[localhost/css/material-icons/iconfont/material-icons-sharp.woff2]
[localhost/css/material-icons/iconfont/material-icons-sharp.woff]
[localhost/css/material-icons/iconfont/material-icons-two-tone.woff2]
[localhost/css/material-icons/iconfont/material-icons-two-tone.woff]
[localhost/css/material-icons/iconfont/material-icons.css]
[localhost/css/header.css]
[localhost/css/hamburger.css]
[localhost/css/footer.css]
[localhost/css/socials.css]
[localhost/images/background.png]
[localhost/css/main.css]
[localhost/index-2.html]
[localhost/images/logo.svg]
[localhost/index-3.html]
[localhost/images/about/portrait.webp]
[localhost/about.html]
[localhost/contact.html]
[localhost/portfolio.html]
[localhost/images/branding/branding_annulus.png]
[localhost/images/branding/webp/branding_annulus.webp]
[localhost/images/branding/branding_political.png]
[localhost/images/branding/webp/branding_political.webp]
[localhost/images/branding/branding_unsion.png]
[localhost/images/branding/webp/branding_unsion.webp]
[localhost/branding.html]
[localhost/images/illustration/illustration_coffee.png]
[localhost/images/illustration/webp/illustration_coffee.webp]
[localhost/images/illustration/illustration_flu.png]
[localhost/images/illustration/webp/illustration_flu.webp]
[localhost/images/illustration/illustration_lollipop.png]
[localhost/images/illustration/webp/illustration_lollipop.webp]
[localhost/images/illustration/illustration_melon.png]
[localhost/images/illustration/webp/illustration_melon.webp]
[localhost/images/illustration/illustration_oddity.png]
[localhost/images/illustration/webp/illustration_oddity.webp]
[localhost/images/illustration/illustration_petscop.png]
[localhost/images/illustration/webp/illustration_petscop.webp]
[localhost/images/illustration/illustration_star.png]
[localhost/images/illustration/webp/illustration_star.webp]
[localhost/images/illustration/illustration_sunset.png]
[localhost/images/illustration/webp/illustration_sunset.webp]
[localhost/illustration.html]
[localhost/css/figures.css]
[localhost/images/divider.svg]
